
> nrt-portfolio@0.0.1 build
> vite build

[36mvite v6.3.5 [32mbuilding for production...[36m[39m
transforming...
[32m✓[39m 2124 modules transformed.
rendering chunks...
computing gzip size...
[2mdist/[22m[32mregisterSW.js              [39m[1m[2m  0.13 kB[22m[1m[22m
[2mdist/[22m[32mmanifest.webmanifest       [39m[1m[2m  0.36 kB[22m[1m[22m
[2mdist/[22m[32mindex.html                 [39m[1m[2m  2.90 kB[22m[1m[22m[2m │ gzip:   0.93 kB[22m
[2mdist/[22m[35massets/index-DMzZMDNm.css  [39m[1m[2m132.41 kB[22m[1m[22m[2m │ gzip:  20.45 kB[22m
[2mdist/[22m[36massets/index-DxzXqbHT.js   [39m[1m[33m760.30 kB[39m[22m[2m │ gzip: 234.05 kB[22m
[33m
(!) Some chunks are larger than 500 kB after minification. Consider:
- Using dynamic import() to code-split the application
- Use build.rollupOptions.output.manualChunks to improve chunking: https://rollupjs.org/configuration-options/#output-manualchunks
- Adjust chunk size limit for this warning via build.chunkSizeWarningLimit.[39m
[32m✓ built in 4.79s[39m

✨ [vite-plugin-compression]:algorithm=gzip - compressed file successfully: 
dist/D:/New folder/NRT portpholio/NRT FRONTEND/index.html.gz                  2.84kb / gzip: 0.90kb
dist/D:/New folder/NRT portpholio/NRT FRONTEND/assets/index-DMzZMDNm.css.gz   129.30kb / gzip: 19.79kb
dist/D:/New folder/NRT portpholio/NRT FRONTEND/assets/index-DxzXqbHT.js.gz    742.48kb / gzip: 228.00kb



PWA v1.2.0
mode      generateSW
precache  7 entries (874.75 KiB)
files generated
  dist/sw.js
  dist/workbox-8c29f6e4.js
